// Jest Snapshot v1, https://goo.gl/fbAQLP

exports[`ArticleList renders ArticleList without crashing 1`] = `
<ArticleList
  list={
    Array [
      Object {
        "headline": Object {
          "main": "a",
        },
        "id": 1,
      },
      Object {
        "headline": Object {
          "main": "a",
        },
        "id": 2,
      },
    ]
  }
/>
`;
