// Jest Snapshot v1, https://goo.gl/fbAQLP

exports[`articleSearchAction creates a LOADING_INDICATOR_SUCCESS action 1`] = `
Object {
  "list": Array [],
  "page": 1,
  "query": true,
  "type": "SEARCH_SUBMIT_SUCCESS",
}
`;

exports[`articleSearchAction creates a SEARCH_SUBMIT_SUCCESS action 1`] = `
Object {
  "loading": false,
  "type": "LOADING_INDICATOR_SUCCESS",
}
`;

exports[`articleSearchAction should handle loadSearchResults action - success 1`] = `
Array [
  Object {
    "loading": true,
    "type": "LOADING_INDICATOR_SUCCESS",
  },
  Object {
    "loading": false,
    "type": "LOADING_INDICATOR_SUCCESS",
  },
  Object {
    "list": Array [
      Object {
        "headline": Object {
          "main": "U.S. Gymnasts Worry That Program’s Chaos Will Ruin Their Chances",
          "print_headline": "American Gymnasts Worry That a Program in Chaos Will Spoil Their Chances",
        },
        "pub_date": "2018-02-27T11:15:25+0000",
        "snippet": "In the wake of a sex abuse scandal, many elite gymnasts fear the reckoning, essential though it is, may put their lifelong goals in jeopardy.",
        "web_url": "https://www.nytimes.com/2018/02/27/sports/usa-gymnastics-team.html",
      },
      Object {
        "headline": Object {
          "main": "The ‘Gymternet’ Reacts: Where Does Gymnastics Go From Here?",
          "print_headline": "Where Does the Sport Go From Here? The ‘Gymternet’ Reacts",
        },
        "pub_date": "2018-03-01T20:07:23+0000",
        "snippet": "Gymnasts, coaches, parents and fans respond to our question: Where does gymnastics go after the trial of Dr. Larry Nassar?",
        "web_url": "https://www.nytimes.com/2018/03/01/sports/larry-nassar-gymnastics.html",
      },
      Object {
        "headline": Object {
          "main": "Review: Who Killed Biggie and Tupac? ‘Unsolved’ Might Know",
          "print_headline": "Hip-Hop Murder Ballad",
        },
        "pub_date": "2018-02-26T18:10:37+0000",
        "snippet": "A 10-part limited series on USA is a lightly fictionalized account of the various investigations into the two rappers’ deaths two decades ago.",
        "web_url": "https://www.nytimes.com/2018/02/26/arts/television/unsolved-murders-tupac-notorious-big-review.html",
      },
      Object {
        "headline": Object {
          "main": "Olympic Swimmer Ariana Kukors Accuses Former Coach of Sexual Abuse",
          "print_headline": "Swimmer Accuses Former Coach of Abuse",
        },
        "pub_date": "2018-02-09T02:21:41+0000",
        "snippet": "Ms. Kukors, who competed in the 2012 Games, said that Sean Hutchison began sexually abusing her when she was 16. He denied the accusations.",
        "web_url": "https://www.nytimes.com/2018/02/08/sports/olympic-swimmer-ariana-kukors-coach-abuse.html",
      },
    ],
    "page": 1,
    "query": "test",
    "type": "SEARCH_SUBMIT_SUCCESS",
  },
]
`;
