// Jest Snapshot v1, https://goo.gl/fbAQLP

exports[`SearchInput renders SearchInput without crashing 1`] = `
<Form
  bsClass="form"
  className="Search-Form"
  componentClass="form"
  horizontal={false}
  inline={false}
  onSubmit={[Function]}
>
  <FormGroup
    bsClass="form-group"
  >
    <ControlLabel
      bsClass="control-label"
      srOnly={false}
    >
      Type search query term in here:
    </ControlLabel>
    <InputGroup
      bsClass="input-group"
    >
      <FormControl
        bsClass="form-control"
        componentClass="input"
        name="query"
        onChange={[Function]}
        placeholder="Search your terms here."
        type="text"
        value=""
      />
      <InputGroupAddon
        bsClass="input-group-addon"
      >
        <Glyphicon
          bsClass="glyphicon"
          glyph="search"
        />
      </InputGroupAddon>
    </InputGroup>
  </FormGroup>
</Form>
`;
