// Jest Snapshot v1, https://goo.gl/fbAQLP

exports[`MainRoutes renders MainRoutes without crashing 1`] = `
<main
  className="Main"
>
  <Switch>
    <Route
      component={[Function]}
      exact={true}
      path="/"
    />
    <Route
      component={[Function]}
      path="/detail"
    />
  </Switch>
</main>
`;
